0 fffffed1 trap_CG_RegisterSharedMemory
0 fffffed2 trap_G2API_SetNewOrigin
0 fffffed3 trap_G2API_SetSurfaceOnOff
0 fffffed4 trap_G2API_SetRootSurface
0 fffffed5 trap_G2API_SetBoltInfo
0 fffffed6 trap_G2API_AddBolt
0 fffffed7 trap_G2API_RemoveGhoul2Model
0 fffffed8 trap_G2API_HasGhoul2ModelOnIndex
0 fffffed9 trap_G2API_DuplicateGhoul2Instance
0 fffffeda trap_G2API_CopySpecificGhoul2Model
0 fffffedb trap_G2API_CopyGhoul2Instance
0 fffffedc trap_G2API_GetGLAName
0 fffffedd trap_G2API_SetBoneAnim
0 fffffede trap_G2API_SetBoneAngles
0 fffffedf trap_G2API_CleanGhoul2Models
0 fffffee0 trap_G2API_CollisionDetect
0 fffffee1 trap_G2API_InitGhoul2Model
0 fffffee2 trap_G2API_GetBoltMatrix_NoRecNoRot
0 fffffee3 trap_G2API_GetBoltMatrix_NoReconstruct
0 fffffee4 trap_G2API_GetBoltMatrix
0 fffffee5 trap_G2API_GiveMeVectorFromMatrix
0 fffffee6 trap_G2_HaveWeGhoul2Models
0 fffffee7 trap_G2_SetGhoul2ModelIndexes
0 fffffee8 trap_G2_ListModelBones
0 fffffee9 trap_G2_ListModelSurfaces
0 fffffeea trap_ROFF_Purge_Ent
0 fffffeeb trap_ROFF_Play
0 fffffeec trap_ROFF_Cache
0 fffffeed trap_ROFF_UpdateEntities
0 fffffeee trap_ROFF_Clean
0 fffffeef trap_SP_Register
0 fffffef0 trap_SP_GetStringTextString
0 fffffef1 trap_SP_Print
0 fffffef2 trap_FX_AddSprite
0 fffffef3 trap_FX_AddPrimitive
0 fffffef4 trap_FX_AddBezier
0 fffffef5 trap_FX_AddPoly
0 fffffef6 trap_FX_AdjustTime
0 fffffef7 trap_FX_FreeSystem
0 fffffef8 trap_FX_InitSystem
0 fffffef9 trap_FX_AddScheduledEffects
0 fffffefa trap_FX_PlayBoltedEffectID
0 fffffefb trap_FX_PlayEntityEffectID
0 fffffefc trap_FX_PlayEffectID
0 fffffefd trap_FX_PlaySimpleEffectID
0 fffffefe trap_FX_PlayEntityEffect
0 fffffeff trap_FX_PlayEffect
0 ffffff00 trap_FX_PlaySimpleEffect
0 ffffff01 trap_FX_RegisterEffect
0 ffffff02 trap_R_inPVS
0 ffffff03 trap_GetEntityToken
0 ffffff04 trap_CIN_SetExtents
0 ffffff05 trap_CIN_DrawCinematic
0 ffffff06 trap_CIN_RunCinematic
0 ffffff07 trap_CIN_StopCinematic
0 ffffff08 trap_CIN_PlayCinematic
0 ffffff09 trap_SnapVector
0 ffffff0a trap_RealTime
0 ffffff0b trap_S_StopBackgroundTrack
0 ffffff0c trap_PC_RemoveAllGlobalDefines
0 ffffff0d trap_PC_LoadGlobalDefines
0 ffffff0e trap_PC_SourceFileAndLine
0 ffffff0f trap_PC_ReadToken
0 ffffff10 trap_PC_FreeSource
0 ffffff11 trap_PC_LoadSource
0 ffffff12 trap_PC_AddGlobalDefine
0 ffffff13 trap_Key_GetKey
0 ffffff14 trap_Key_SetCatcher
0 ffffff15 trap_Key_GetCatcher
0 ffffff16 trap_Key_IsDown
0 ffffff17 trap_MemoryRemaining
0 ffffff1a trap_OpenUIMenu
0 ffffff1b trap_SetClientTurnExtent
0 ffffff1c trap_SetClientForceAngle
0 ffffff1d trap_SetUserCmdValue
0 ffffff1e trap_GetUserCmd
0 ffffff1f trap_GetCurrentCmdNumber
0 ffffff20 trap_GetServerCommand
0 ffffff21 trap_GetSnapshot
0 ffffff22 trap_GetCurrentSnapshotNumber
0 ffffff23 trap_GetGameState
0 ffffff24 trap_GetGlconfig
0 ffffff25 trap_FX_AddLine
0 ffffff26 trap_R_GetBModelVerts
0 ffffff27 trap_R_SetLightStyle
0 ffffff28 trap_R_GetLightStyle
0 ffffff29 trap_R_RemapShader
0 ffffff2a trap_R_DrawRotatePic2
0 ffffff2b trap_R_DrawRotatePic
0 ffffff2c trap_R_LerpTag
0 ffffff2d trap_R_ModelBounds
0 ffffff2e trap_R_DrawStretchPic
0 ffffff2f trap_R_SetColor
0 ffffff30 trap_R_RenderScene
0 ffffff31 trap_R_AddAdditiveLightToScene
0 ffffff32 trap_R_AddLightToScene
0 ffffff33 trap_R_LightForPoint
0 ffffff34 trap_R_AddPolysToScene
0 ffffff35 trap_R_AddPolyToScene
0 ffffff36 trap_R_AddRefEntityToScene
0 ffffff37 trap_R_ClearScene
0 ffffff8e asin
0 ffffff8f acos
0 ffffff90 ceil
0 ffffff91 floor
0 ffffff92 perpendicularvector
0 ffffff93 anglevectors
0 ffffff94 matrixmultiply
0 ffffff95 sqrt
0 ffffff96 atan2
0 ffffff97 cos
0 ffffff98 sin
0 ffffff99 strncpy
0 ffffff9a memcpy
0 ffffff9b memset
0 ffffffc9 trap_AnyLanguage_ReadCharFromString
0 ffffffca trap_Language_UsesSpaces
0 ffffffcb trap_Language_IsAsian
0 ffffffcc trap_R_Font_DrawString
0 ffffffcd trap_R_Font_HeightPixels
0 ffffffce trap_R_Font_StrLenChars
0 ffffffcf trap_R_Font_StrLenPixels
0 ffffffd0 trap_R_RegisterFont
0 ffffffd1 trap_R_RegisterShaderNoMip
0 ffffffd2 trap_R_RegisterShader
0 ffffffd3 trap_R_RegisterSkin
0 ffffffd4 trap_R_RegisterModel
0 ffffffd5 trap_R_LoadWorldMap
0 ffffffd6 trap_S_StartBackgroundTrack
0 ffffffd7 trap_S_RegisterSound
0 ffffffd8 trap_S_Respatialize
0 ffffffd9 trap_S_StopLoopingSound
0 ffffffda trap_S_AddRealLoopingSound
0 ffffffdb trap_S_UpdateEntityPosition
0 ffffffdc trap_S_AddLoopingSound
0 ffffffdd trap_S_ClearLoopingSounds
0 ffffffde trap_S_StartLocalSound
0 ffffffdf trap_S_StartSound
0 ffffffe0 trap_S_MuteSound
0 ffffffe1 trap_CM_MarkFragments
0 ffffffe2 trap_CM_TransformedCapsuleTrace
0 ffffffe3 trap_CM_TransformedBoxTrace
0 ffffffe4 trap_CM_CapsuleTrace
0 ffffffe5 trap_CM_BoxTrace
0 ffffffe6 trap_CM_TransformedPointContents
0 ffffffe7 trap_CM_PointContents
0 ffffffe8 trap_CM_TempCapsuleModel
0 ffffffe9 trap_CM_TempBoxModel
0 ffffffea trap_CM_InlineModel
0 ffffffeb trap_CM_NumInlineModels
0 ffffffec trap_CM_LoadMap
0 ffffffed trap_UpdateScreen
0 ffffffee trap_SendClientCommand
0 ffffffef trap_RemoveCommand
0 fffffff0 trap_AddCommand
0 fffffff1 trap_SendConsoleCommand
0 fffffff2 trap_FS_FCloseFile
0 fffffff3 trap_FS_Write
0 fffffff4 trap_FS_Read
0 fffffff5 trap_FS_FOpenFile
0 fffffff6 trap_Args
0 fffffff7 trap_Argv
0 fffffff8 trap_Argc
0 fffffff9 trap_Cvar_VariableStringBuffer
0 fffffffa trap_Cvar_Set
0 fffffffb trap_Cvar_Update
0 fffffffc trap_Cvar_Register
0 fffffffd trap_Milliseconds
0 fffffffe trap_Error
0 ffffffff trap_Print
0        0 vmMain
0      122 C_PointContents
0      138 C_GetLerpOrigin
0      14a C_GetLerpAngles
0      15c C_GetModelScale
0      16e C_Trace
0      19a C_GetBoltPos
0      20d C_ImpactMark
0      24c CG_RegisterCvars
0      332 CG_ForceModelChange
0      368 CG_UpdateCvars
0      3bb CG_CrosshairPlayer
0      3d4 CG_LastAttacker
0      3e5 CG_Printf
0      3fe CG_Error
0      417 Com_Error
0      432 Com_Printf
0      44d CG_Argv
0      45c CG_RegisterItemSounds
0      4f5 CG_RegisterSounds
0      a8e CG_RegisterEffects
0      abc CG_RegisterGraphics
0     1119 CG_GetStripEdString
0     1149 CG_BuildSpectatorString
0     119d CG_RegisterClients
0     11e8 CG_ConfigString
0     1209 CG_StartMusic
0     124c CG_GetMenuBuffer
0     12b0 CG_Asset_Parse
0     154f CG_ParseMenu
0     15ba CG_Load_Menu
0     160a CG_OwnerDrawHandleKey
0     160f CG_FeederCount
0     166b CG_SetScoreSelection
0     1702 CG_InfoFromScoreIndex
0     1755 CG_FeederItemText
0     18d3 CG_FeederItemImage
0     18d8 CG_FeederSelection
0     1923 CG_Cvar_Get
0     1942 CG_Text_PaintWithCursor
0     1966 CG_OwnerDrawWidth
0     19f7 CG_PlayCinematic
0     1a16 CG_StopCinematic
0     1a1f CG_DrawCinematic
0     1a3e CG_RunCinematicFrame
0     1a47 CG_LoadHudMenu
0     1ae8 CG_AssetCache
0     1b95 CG_Init_CG
0     1ba1 CG_Init_CGents
0     1bad CG_InitItems
0     1bb9 CG_Init
0     1f61 CG_Shutdown
0     1f6d CG_NextForcePower_f
0     1fb1 CG_PrevForcePower_f
0     1ff5 CG_NextInventory_f
0     203f CG_PrevInventory_f
0     2089 CG_TargetCommand_f
0     20bb CG_SizeUp_f
0     20d1 CG_SizeDown_f
0     20e7 CG_Viewpos_f
0     2101 CG_ScoresDown_f
0     2126 CG_ScoresUp_f
0     2134 CG_scrollScoresDown_f
0     215d CG_scrollScoresUp_f
0     2186 CG_spWin_f
0     21bb CG_spLose_f
0     21f0 CG_TellTarget_f
0     221b CG_TellAttacker_f
0     2246 CG_VoiceTellTarget_f
0     2271 CG_VoiceTellAttacker_f
0     229c CG_NextTeamMember_f
0     22a2 CG_PrevTeamMember_f
0     22a8 CG_NextOrder_f
0     231b CG_ConfirmOrder_f
0     234b CG_DenyOrder_f
0     236c CG_TaskOffense_f
0     23a3 CG_TaskDefense_f
0     23c2 CG_TaskPatrol_f
0     23e1 CG_TaskCamp_f
0     2400 CG_TaskFollow_f
0     241f CG_TaskRetrieve_f
0     243e CG_TaskEscort_f
0     245d CG_TaskOwnFlag_f
0     246e CG_TauntKillInsult_f
0     2476 CG_TauntPraise_f
0     247e CG_TauntTaunt_f
0     2486 CG_TauntDeathInsult_f
0     248e CG_TauntGauntlet_f
0     2496 CG_TaskSuicide_f
0     24b8 CG_StartOrbit_f
0     2500 CG_clientserverstatus_f
0     2534 CG_demopos_f
0     25a9 pivot
0     2650 swapRows
0     26a6 rowReduce
0     276a reCalc
0     3799 CG_smoothcam_f
0     3908 CG_insertcam_f
0     3ab7 CG_removecam_f
0     3b20 CG_removeallcams_f
0     3b4c CG_savecamcfg_f
0     3c76 CG_showcam_f
0     3e22 CG_DumpLoc_f
0     3eeb CG_AddLoc_f
0     3f5e CG_InsLoc_f
0     3fec CG_ReplLoc_f
0     408c CG_demospec_f
0     40b4 CG_Rename_f
0     4103 CG_GhostSave_f
0     4149 CG_GhostLoad_f
0     419d CG_GhostClose_f
0     41b4 Q_isdigit
0     41eb CG_VarMath_f
0     4944 CG_ConsoleCommand
0     4982 CG_InitConsoleCommands
0     4aa8 MenuFontToHandle
0     4acf CG_Text_Width
0     4aed CG_Text_Height
0     4b08 CG_Text_Paint
0     4b78 CG_DrawZoomMask
0     4ed0 CG_Draw3DModel
0     4f3e CG_DrawHead
0     4f77 CG_DrawFlagModel
0     505c DrawAmmo
0     5065 CG_DrawHUDLeftFrame1
0     5085 CG_DrawHUDLeftFrame2
0     50a5 DrawHealthArmor
0     530b CG_DrawHealth
0     53b2 CG_DrawArmor
0     54f9 CG_DrawHUDRightFrame1
0     5519 CG_DrawHUDRightFrame2
0     5539 CG_DrawAmmo
0     569f CG_DrawForcePower
0     573b CG_DrawHUD
0     59e1 ForcePower_Valid
0     5a0e CG_DrawForceSelect
0     5c62 CG_DrawInvenSelect
0     5efd CG_DrawStats
0     5f11 CG_DrawTeamBackground
0     5f4e CG_DrawMiniScoreboard
0     5fdb CG_DrawEnemyInfo
0     61f5 CG_DrawSnapshot
0     6235 CG_DrawFPS
0     62c2 CG_DrawTimer
0     631e CG_DrawTeamOverlay
0     665d CG_DrawPowerupIcons
0     6741 CG_DrawUpperRight
0     67ad CG_AddLagometerFrameInfo
0     67cd CG_AddLagometerSnapshotInfo
0     6810 CG_DrawDisconnect
0     68e9 CG_DrawLagometer
0     6af8 CG_CenterPrint
0     6b36 CG_DrawCenterString
0     6c46 CG_DrawCrosshair
0     6e58 CG_WorldCoordToScreenCoordFloat
0     6f01 CG_WorldCoordToScreenCoord
0     6f22 CG_SaberClashFlare
0     6ff4 CG_DrawHolocronIcons
0     707e CG_IsDurationPower
0     70a7 CG_DrawActivePowers
0     716d CG_DrawRocketLocking
0     7325 CG_ScanForCrosshairEntity
0     7474 CG_DrawCrosshairNames
0     751d CG_DrawSpectator
0     772b CG_DrawVote
0     779c CG_DrawTeamVote
0     78ec CG_DrawScoreboard
0     78f6 CG_DrawIntermission
0     7905 CG_DrawFollow
0     7990 CG_DrawAmmoWarning
0     7993 CG_DrawWarmup
0     7bab CG_DrawTimedMenus
0     7bcc CG_DrawFlagStatus
0     7c9e CG_Draw2D
0     82b7 CG_DrawTourneyScoreboard
0     82ba CG_DrawActive
0     8345 CG_DrawRect
0     8377 CG_GetColorForHealth
0     8415 CG_DrawSides
0     846b CG_DrawTopBottom
0     84c1 CG_FillRect2
0     84f0 CG_FillRect
0     851f CG_DrawPic
0     8546 CG_DrawRotatePic
0     8570 CG_DrawRotatePic2
0     859a CG_DrawChar
0     8601 CG_DrawStringExt
0     875d CG_DrawBigString
0     8795 CG_DrawBigStringColor
0     87bb CG_DrawSmallString
0     87ef CG_DrawSmallStringColor
0     8810 CG_DrawStrlen
0     8860 CG_TileClearBox
0     88a7 CG_TileClear
0     893e CG_FadeColor
0     8982 CG_ColorForGivenHealth
0     89d1 CG_ColorForHealth
0     8a36 CG_DrawNumField
0     8c66 UI_DrawProportionalString
0     8cef UI_DrawScaledProportionalString
0     8d66 CG_BubbleTrail
0     8f04 CG_SmokePuff
0     9067 CG_TestLine
0     9138 CG_ThrowChunk
0     91eb CG_DoGlassQuad
0     9358 CG_CalcBiLerp
0     9955 CG_CalcHeightWidth
0     9b02 CG_InitGlass
0     9b59 Vector2Set
0     9b68 CG_DoGlass
0     9de4 CG_GlassShatter
0     9e1c CG_GlassShatter_Old
0     9fb2 CG_CreateDebris
0     a275 CG_ScorePlum
0     a33d CG_ExplosionEffects
0     a383 CG_MakeExplosion
0     a542 CG_SurfaceExplosion
0     a7e7 CG_Bleed
0     a84e CG_LaunchGib
0     a8cd CG_PositionEntityOnTag
0     a9a1 CG_PositionRotatedEntityOnTag
0     aa72 CG_SetEntitySoundPosition
0     aacf CG_EntityEffects
0     abc3 FX_AddOrientedLine
0     ac8b FX_DrawPortableShield
0     ad9f CG_Special
0     adc2 CG_SetGhoul2Info
0     adeb CG_CreateBBRefEnts
0     adee G2_BoltToGhoul2Model
0     ae9f ScaleModelAxis
0     afa7 CG_General
0     bdcc CG_Speaker
0     be3d CG_GreyItem
0     be6a CG_Item
0     c542 CG_Missile
0     c903 CG_Mover
0     c97d CG_Beam
0     c9b1 CG_Portal
0     ca28 CG_AdjustPositionForMover
0     cadf LerpBoneAngleOverrides
0     cae2 CG_InterpolateEntityPosition
0     cba8 CG_CalcEntityLerpPositions
0     cc4d CG_TeamBase
0     cca4 CG_AddCEntity
0     cd65 CG_ManualEntityRender
0     cd6e CG_AddPacketEntities
0     ce57 CG_ROFF_NotetrackCallback
0     d131 CG_PlaceString
0     d24d CG_Obituary
0     d5bc CG_ToggleBinoculars
0     d626 CG_UseItem
0     d6d9 CG_ItemPickup
0     d7f4 CG_PainEvent
0     d84f CG_ReattachLimb
0     d8d7 CG_BodyQueueCopy
0     dab5 CG_TeamName
0     dad2 CG_PrintCTFMessage
0     dbee CG_GetCTFMessageEvent
0     dc2f DoFall
0     dcfd CG_InClientBitflags
0     dd4c CG_EntityEvent
0     f6e5 CG_CheckEvents
0     f77b CG_LoadingString
0     f78b CG_LoadingItem
0     f7a6 CG_LoadingClient
0     f7d3 CG_DrawInformation
0     fe89 CG_LoadBar
0     ff47 CG_ClearLightStyles
0     ff69 CG_RunLightStyles
0    10033 CG_SetLightstyle
0    100be CG_InitLocalEntities
0    100f4 CG_FreeLocalEntity
0    1012d CG_AllocLocalEntity
0    1016b CG_BloodTrail
0    101e0 CG_FragmentBounceMark
0    10283 CG_FragmentBounceSound
0    1029c CG_ReflectVelocity
0    10392 CG_AddFragment
0    1050d CG_AddFadeRGB
0    105df CG_AddFadeScaleModel
0    10796 CG_AddMoveScaleFade
0    10881 CG_AddPuff
0    1098d CG_AddScaleFade
0    10a26 CG_AddFallScaleFade
0    10ad8 CG_AddExplosion
0    10b49 CG_AddSpriteExplosion
0    10c15 CG_AddRefEntity
0    10c30 CG_AddScorePlum
0    10e66 CG_AddOLine
0    10f8a CG_AddLine
0    10f9d CG_AddLocalEntities
0    1104d CG_InitMarkPolys
0    11083 CG_FreeMarkPoly
0    110bc CG_AllocMark
0    11113 CG_ImpactMark
0    113ed CG_AddMarks
0    116b7 CG_ClearParticles
0    1175a CG_AddParticleToScene
0    12f76 CG_AddParticles
0    1317b CG_ParticleSnowFlurry
0    13317 CG_ParticleSnow
0    1346d CG_ParticleBubble
0    135ec CG_ParticleSmoke
0    136eb CG_ParticleBulletDebris
0    137ac CG_ParticleExplosion
0    138b7 CG_AddParticleShrapnel
0    138ba CG_NewParticleArea
0    139fb CG_SnowLink
0    13a41 CG_ParticleImpactSmokePuff
0    13b24 CG_Particle_Bleed
0    13c08 CG_Particle_OilParticle
0    13d0a CG_Particle_OilSlick
0    13e4b CG_OilSlickRemove
0    13e96 ValidBloodPool
0    13f9c CG_BloodPool
0    14095 CG_ParticleBloodCloud
0    141d1 CG_ParticleSparks
0    14347 CG_ParticleDust
0    1454d CG_ParticleMisc
0    145ed CG_CustomSound
0    1465b CG_NeedAnimSequence
0    14690 CG_IsValidCharacterModel
0    1470d CG_ParseSurfsFile
0    14828 CG_RegisterClientModelname
0    14deb CG_ColorFromString
0    14e4f CG_LoadClientInfo
0    151af CG_CopyClientInfoModel
0    152de CG_ScanForExistingClientInfo
0    154cb CG_SetDeferredClientInfo
0    155f5 CG_NewClientInfo
0    15a67 CG_ActualLoadDeferredPlayers
0    15aaf CG_LoadDeferredPlayers
0    15ab5 CG_InRoll
0    15adf CG_InRollAnim
0    15b01 CG_SetLerpFrameAnimation
0    15ff2 CG_FirstAnimFrame
0    16035 CG_InWalkingAnim
0    1608c CG_FootstepForSurface
0    16126 CG_FootStep
0    161a4 CG_RunLerpFrame
0    1665b CG_ClearLerpFrame
0    166a0 CG_PlayerAnimation
0    16786 CG_SwingAngles
0    16890 CG_SwingAnglesATST
0    169c1 CG_AddPainTwitch
0    16a08 CG_G2SetBoneAngles
0    16a3f CG_InKnockDown
0    16a62 CG_G2ClientSpineAngles
0    16d68 CG_G2PlayerAngles
0    17670 CG_HasteTrail
0    176ed CG_PlayerFlag
0    1780a CG_PlayerPowerups
0    178d8 CG_PlayerFloatSprite
0    17924 CG_PlayerSprites
0    1797d CG_PlayerShadow
0    17a3a CG_PlayerSplash
0    17b2d CG_ForcePushBlur
0    17c2c CG_ForceGripEffect
0    17d49 CG_AddRefEntityWithPowerups
0    17db7 CG_PlayerShieldHit
0    17e2b CG_DrawPlayerShield
0    17edf CG_PlayerHitFX
0    17f0a CG_LightVerts
0    1803a CG_DoSaber
0    1825b CG_GetTagWorldPosition
0    18324 CG_CreateSaberMarks
0    18766 CG_G2TraceCollide
0    18825 CG_G2SaberEffects
0    1888f CG_AddSaberBlade
0    18f1e CG_IsMindTricked
0    18f70 CG_DrawPlayerSphere
0    1900d CG_AddLightningBeam
0    191b0 CG_AddRandomLightning
0    192a6 CG_ThereIsAMaster
0    192d1 CG_FootStepGeneric
0    19337 CG_G2EntSetLerpFrameAnimation
0    195d6 CG_G2EntRunLerpFrame
0    19a6f CG_G2EntAnimation
0    19b23 CG_G2AnimEntSpineAngles
0    19c86 CG_G2AnimEntAngles
0    1a085 CG_DrawNoForceSphere
0    1a151 CG_G2Animated
0    1a51e CG_ForceFPLSPlayerModel
0    1a7ab CG_Player
0    1c853 CG_ResetPlayerEntity
0    1c9b8 CG_CheckAmmo
0    1c9bb CG_DamageFeedback
0    1cafe CG_Respawn
0    1cb0f CG_CheckPlayerstateEvents
0    1cbf1 CG_CheckChangedPredictableEvents
0    1cc7e CG_CheckLocalSounds
0    1ce7a CG_TransitionPlayerState
0    1cf30 CG_BuildSolidList
0    1cfbf CG_ClipMoveToEntities
0    1d0d0 CG_Trace
0    1d114 CG_PointContents
0    1d184 CG_InterpolatePlayerState
0    1d2b9 CG_TouchItem
0    1d3ab CG_TouchTriggerPrediction
0    1d462 CG_EntityStateToPlayerState
0    1d5fc CG_PredictPlayerState
0    1d977 CGSagaGetValueGroup
0    1da72 CGSagaGetPairedValue
0    1dc4a CG_InitSagaMode
0    1dcdd CG_SagaRoundOver
0    1ddb4 CG_SagaObjectiveCompleted
0    1ded7 CG_DrawClientScore
0    1e19c CG_TeamScoreboard
0    1e219 CG_GetTeamCount
0    1e25b CG_DrawOldScoreboard
0    1e83d CG_ValidOrder
0    1e86f CG_ParseScores
0    1eaa7 CG_ParseTeamInfo
0    1eb76 CG_ParseServerinfo
0    1ed83 CG_ParseWarmup
0    1eda2 CG_SetConfigValues
0    1eebe CG_ShaderStateChanged
0    1ef76 CG_ConfigStringModified
0    1f22d CG_AddToTeamChat
0    1f3b0 CG_KillCEntityInstances
0    1f4b9 CG_MapRestart
0    1f543 CG_ParseVoiceChats
0    1f7a6 CG_LoadVoiceChats
0    1f808 CG_HeadModelVoiceChats
0    1f8a2 CG_GetVoiceChat
0    1f916 CG_VoiceChatListForClient
0    1f932 CG_PlayVoiceChat
0    1f9ac CG_PlayBufferedVoiceChats
0    1f9da CG_AddBufferedVoiceChat
0    1fa19 CG_VoiceChatLocal
0    1facb CG_VoiceChat
0    1fb64 CG_RemoveChatEscapeChar
0    1fbaa CG_CheckSVStripEdRef
0    1fcd7 CG_ServerCommand
0    1fff6 CG_ExecuteNewServerCommands
0    2001d CG_ResetEntity
0    20061 CG_TransitionEntity
0    2008e CG_SetInitialSnapshot
0    2014f CG_TransitionSnapshot
0    20255 CG_SetNextSnap
0    2033c CG_ReadNextSnapshot
0    203ab CG_ProcessSnapshots
0    2045b CreepToPosition
0    20628 TurretClientRun
0    2092a CG_TestModel_f
0    209b5 CG_TestGun_f
0    209c1 CG_TestModelNextFrame_f
0    209d7 CG_TestModelPrevFrame_f
0    209f4 CG_TestModelNextSkin_f
0    20a0a CG_TestModelPrevSkin_f
0    20a27 CG_AddTestModel
0    20ab2 CG_CalcVrect
0    20b1f CG_StepOffset
0    20b41 CG_CalcIdealThirdPersonViewTarget
0    20b81 CG_CalcIdealThirdPersonViewLocation
0    20bba CG_ResetThirdPersonViewDamp
0    20c27 CG_UpdateThirdPersonTargetDamp
0    20cae CG_UpdateThirdPersonCameraDamp
0    20d74 CG_OffsetThirdPersonView
0    20e9a CG_OffsetFirstPersonView
0    210c7 CG_ZoomDown_f
0    210d7 CG_ZoomUp_f
0    210e7 CG_CalcFOVFromX
0    21122 CG_CalcFov
0    212a7 CG_DamageBlendBlob
0    214ef CheckOutOfConstrict
0    2155a CG_CalcViewValues
0    21681 CG_PowerupTimerSounds
0    216c1 CG_AddBufferedSound
0    216eb CG_PlayBufferedSounds
0    21724 CG_UpdateSoundTrackers
0    2177d CG_SE_UpdateShake
0    21866 CG_SE_UpdateMusic
0    218cf CG_CalcScreenEffects
0    218e2 CGCam_Shake
0    218fe CGCam_SetMusicMult
0    2191d CG_DrawActiveFrame
0    22307 drawSplines
0    22648 CG_RegisterWeapon
0    23195 CG_SetGhoul2InfoRef
0    231d2 CG_RegisterItemVisuals
0    23334 CG_MapTorsoToWeaponFrame
0    23436 CG_CalculateWeaponPosition
0    2351b CG_LightningBolt
0    23540 CG_AddWeaponWithPowerups
0    2356f CG_AddPlayerWeapon
0    23a74 CG_AddViewWeapon
0    23c2d CG_DrawIconBackground
0    23e04 CG_WeaponCheck
0    23e3d CG_WeaponSelectable
0    23e9e CG_DrawWeaponSelect
0    241ee isValidEnt
0    2420b CG_NextWeapon_f
0    242c6 CG_PrevWeapon_f
0    24381 CG_Weapon_f
0    2448d CG_OutOfAmmoChange
0    244d6 CG_FireATST
0    244f4 CG_GetClientWeaponMuzzleBoltPoint
0    2456a CG_FireWeapon
0    24732 CG_MissileHitWall
0    24812 CG_MissileHitPlayer
0    2490b CG_Tracer
0    24b18 CG_CalcMuzzlePoint
0    24d06 CG_InitG2Weapons
0    24d92 CG_ShutDownG2Weapons
0    24dac CG_CopyG2WeaponInstance
0    24de3 CG_CheckPlayerG2Weapons
0    24f07 FX_BlasterProjectileThink
0    24f29 FX_BlasterAltFireThink
0    24f4b FX_BlasterWeaponHitWall
0    24f5a FX_BlasterWeaponHitPlayer
0    24f7b FX_BowcasterProjectileThink
0    24f9d FX_BowcasterHitWall
0    24fac FX_BowcasterHitPlayer
0    24fbb FX_BowcasterAltProjectileThink
0    24fdd FX_BryarProjectileThink
0    24fff FX_BryarHitWall
0    2500e FX_BryarHitPlayer
0    2502f FX_BryarAltProjectileThink
0    25071 FX_BryarAltHitWall
0    250b5 FX_BryarAltHitPlayer
0    250d6 FX_TurretProjectileThink
0    250f8 FX_TurretHitWall
0    25107 FX_TurretHitPlayer
0    25128 FX_DEMP2_ProjectileThink
0    2514a FX_DEMP2_HitWall
0    25159 FX_DEMP2_HitPlayer
0    25168 FX_DEMP2_AltBeam
0    2516b FX_DEMP2_AltDetonate
0    251dd FX_DisruptorMainShot
0    25214 FX_DisruptorAltShot
0    25281 FX_DisruptorAltMiss
0    2535d FX_DisruptorAltHit
0    2536c FX_DisruptorHitWall
0    2537b FX_DisruptorHitPlayer
0    2538a FX_FlechetteProjectileThink
0    253ac FX_FlechetteWeaponHitWall
0    253bb FX_FlechetteWeaponHitPlayer
0    253ca FX_FlechetteAltProjectileThink
0    253ec FX_RepeaterProjectileThink
0    2540e FX_RepeaterHitWall
0    2541d FX_RepeaterHitPlayer
0    2542c FX_RepeaterAltProjectileThink
0    2544e FX_RepeaterAltHitWall
0    2545d FX_RepeaterAltHitPlayer
0    2546c FX_RocketProjectileThink
0    2548e FX_RocketHitWall
0    2549d FX_RocketHitPlayer
0    254ac FX_RocketAltProjectileThink
0    254ce FX_ForceDrained
0    25505 PM_SlideMove
0    258f5 PM_StepSlideMove
0    25c44 BG_InSpecialJump
0    25c69 BG_InSaberStandAnim
0    25c8f BG_DirectFlippingAnim
0    25cae BG_SaberInAttack
0    25cdb BG_SaberInSpecial
0    25cf8 BG_SaberInIdle
0    25d15 BG_FlippingAnim
0    25d51 BG_SpinningSaberAnim
0    25e3b BG_SaberInSpecialAttack
0    25e75 BG_BrokenParryForAttack
0    25eb3 BG_BrokenParryForParry
0    25f05 BG_KnockawayForParry
0    25f2e BG_InRoll
0    25f54 BG_InDeathAnim
0    25f89 PM_SaberBounceForAttack
0    25fc3 PM_SaberDeflectionForQuad
0    25ffc PM_SaberInDeflect
0    26011 PM_SaberInParry
0    26026 PM_SaberInKnockaway
0    2603b PM_SaberInReflect
0    26050 PM_SaberInStart
0    26065 PM_SaberInReturn
0    2607f PM_InSaberAnim
0    26096 PM_InKnockDown
0    260c3 PM_PainAnim
0    260e2 PM_JumpingAnim
0    26101 PM_LandingAnim
0    26148 PM_SpinningAnim
0    26155 PM_InOnGroundAnim
0    261b2 PM_InRollComplete
0    261d8 PM_AnimLength
0    26205 PM_DebugLegsAnim
0    26250 BG_ParseAnimationFile
0    263c8 PM_StartLegsAnim
0    2644d PM_ContinueLegsAnim
0    2646d PM_ForceLegsAnim
0    264dd PM_StartTorsoAnim
0    26538 PM_SetLegsAnimTimer
0    26556 PM_SetTorsoAnimTimer
0    26574 BG_SaberStartTransAnim
0    265c3 PM_SetAnimFinal
0    267db PM_SetAnim
0    26854 PM_GetSaberStance
0    26871 PM_DoSlowFall
0    26894 PM_AddEvent
0    268a3 PM_AddEventWithParm
0    268b3 PM_AddTouchEnt
0    26908 PM_ClipVelocity
0    26981 PM_Friction
0    26a7d PM_Accelerate
0    26af9 PM_CmdScale
0    26b90 PM_SetMovementDir
0    26cdc PM_ForceJumpingUp
0    26d9b PM_JumpForDir
0    26e3e PM_SetPMViewAngle
0    26e7f PM_AdjustAngleForWallRun
0    27083 PM_SetForceJumpZStart
0    270a5 PM_CheckJump
0    27fd7 PM_CheckWaterJump
0    280be PM_WaterJumpMove
0    280ff PM_WaterMove
0    28230 PM_FlyMove
0    282ea PM_AirMove
0    283ad PM_WalkMove
0    2864f PM_DeadMove
0    286c8 PM_NoclipMove
0    2883a PM_FootstepForSurface
0    28853 PM_TryRoll
0    28a54 PM_CrashLand
0    28d72 PM_CorrectAllSolid
0    28e59 PM_GroundTraceMissed
0    28fea PM_GroundTrace
0    2917d PM_SetWaterLevel
0    2924a PM_CheckDuck
0    29420 PM_Use
0    29469 PM_RunningAnim
0    29497 PM_Footsteps
0    29865 PM_WaterEvents
0    298bc PM_BeginWeaponChange
0    29922 PM_FinishWeaponChange
0    29975 PM_DoChargedWeapons
0    29e4f PM_ItemUsable
0    2a085 PM_Weapon
0    2aa3e PM_Animate
0    2aaab PM_DropTimers
0    2ab35 PM_UpdateViewAngles
0    2abd9 PM_AdjustAttackStates
0    2af51 BG_CmdForRoll
0    2afa6 BG_AdjustClientSpeed
0    2b410 PmoveSingle
0    2b951 Pmove
0    2b9fd swapfunc
0    2ba84 med3
0    2bb07 qsort
0    2bec0 strlen
0    2bedb strcat
0    2bf1e strcpy
0    2bf53 strcmp
0    2bf8c strchr
0    2bfab strstr
0    2bff1 tolower
0    2c009 toupper
0    2c021 memmove
0    2c068 tan
0    2c07f srand
0    2c086 rand
0    2c09b atof
0    2c160 _atof
0    2c22b atoi
0    2c2a3 _atoi
0    2c325 abs
0    2c33a fabs
0    2c34f AddInt
0    2c42a AddFloat
0    2c538 AddString
0    2c5cf vsprintf
0    2c767 sscanf
0    2c7d2 BG_LegalizedForcePowers
0    2cbae vectoyaw
0    2cc08 BG_HasYsalamiri
0    2cc37 BG_CanUseFPNow
0    2ccb5 BG_FindItemForPowerup
0    2ccf1 BG_FindItemForHoldable
0    2cd2b BG_FindItemForWeapon
0    2cd5e BG_FindItem
0    2cd87 BG_PlayerTouchesItem
0    2cde7 BG_ProperForceIndex
0    2ce0a BG_CycleForce
0    2cee2 BG_GetItemIndexByTag
0    2cf12 BG_CycleInven
0    2cf7e BG_CanItemBeGrabbed
0    2d1e4 BG_EvaluateTrajectory
0    2d3b2 BG_EvaluateTrajectoryDelta
0    2d4ac BG_AddPredictableEventToPlayerstate
0    2d4e7 BG_TouchJumpPad
0    2d54b BG_PlayerStateToEntityState
0    2d860 BG_PlayerStateToEntityStateExtraPolate
0    2db82 BG_Alloc
0    2dbc2 BG_AllocUnaligned
0    2dbf5 BG_TempAlloc
0    2dc2d BG_TempFree
0    2dc5a BG_StringAlloc
0    2dc7d BG_OutOfMemory
0    2dc8f PM_irand_timesync
0    2dcc4 BG_ForcePowerDrain
0    2dd82 PM_AttackMoveForQuad
0    2ddb7 PM_SaberAnimTransitionAnim
0    2ded8 PM_SaberMoveQuadrantForMovement
0    2df3d PM_SaberInBounce
0    2df62 PM_SaberInTransition
0    2df77 PM_SaberAttackChainAngle
0    2dfa7 PM_SaberKataDone
0    2e0a8 PM_SetAnimFrame
0    2e0b2 PM_SaberLockBreak
0    2e387 PM_SaberLocked
0    2e5ab PM_SaberInBrokenParry
0    2e5d0 PM_BrokenParryForParry
0    2e612 PM_CanBackstab
0    2e693 PM_SaberFlipOverAttackMove
0    2e780 PM_SomeoneInFront
0    2e810 PM_SaberLungeAttackMove
0    2e85a PM_SaberJumpAttackMove
0    2e8c2 PM_GroundDistance
0    2e92b PM_SaberAttackForMovement
0    2eab8 PM_WeaponLightsaber
0    2f34e PM_SetSaberMove
0    2f5e6 Q_rand
0    2f5fb Q_random
0    2f60d Q_crandom
0    2f61e VectorCompare
0    2f656 VectorLength
0    2f689 VectorLengthSquared
0    2f6b5 Distance
0    2f6f6 DistanceSquared
0    2f744 VectorNormalizeFast
0    2f7a3 VectorInverse
0    2f7cb CrossProduct
0    2f844 ClampChar
0    2f85b ClampShort
0    2f872 DirToByte
0    2f8cd ByteToDir
0    2f8eb ColorBytes3
0    2f95a ColorBytes4
0    2f9ec NormalizeColor
0    2fa62 PlaneFromPoints
0    2fb20 RotatePointAroundVector
0    2fc2b RotateAroundDirection
0    2fc6f vectoangles
0    2fd2b AnglesToAxis
0    2fd60 AxisClear
0    2fd97 AxisCopy
0    2fdbb ProjectPointOnPlane
0    2fe76 MakeNormalVectors
0    2ff21 VectorRotate
0    2ffbe Q_rsqrt
0    2fff5 Q_fabs
0    30005 LerpAngle
0    30036 AngleSubtract
0    3005b AnglesSubtract
0    300a9 AngleMod
0    300bb AngleNormalize360
0    300c9 AngleNormalize180
0    300e4 AngleDelta
0    300f4 SetPlaneSignbits
0    30121 BoxOnPlaneSide
0    304e2 RadiusFromBounds
0    30535 ClearBounds
0    3056c AddPointToBounds
0    30605 VectorNormalize
0    30675 VectorNormalize2
0    30703 _VectorMA
0    30745 _DotProduct
0    3077a _VectorSubtract
0    307b3 _VectorAdd
0    307ec _VectorCopy
0    30813 _VectorScale
0    30843 Vector4Scale
0    30885 Q_log2
0    308a4 MatrixMultiply
0    30a79 AngleVectors
0    30b71 PerpendicularVector
0    30bdd Rand_Init
0    30be4 flrand
0    30c1f irand
0    30c51 powf
0    30c74 GetIDForString
0    30cb9 GetStringForID
0    30cf5 Com_Clamp
0    30d0f COM_SkipPath
0    30d33 COM_StripExtension
0    30d69 COM_DefaultExtension
0    30db1 ShortSwap
0    30dd1 ShortNoSwap
0    30ddc LongSwap
0    30e0f LongNoSwap
0    30e15 Long64Swap
0    30e52 Long64NoSwap
0    30e5a FloatSwap
0    30e70 FloatNoSwap
0    30e77 COM_BeginParseSession
0    30e89 COM_GetCurrentParseLine
0    30e8f COM_Parse
0    30e9e COM_ParseError
0    30ebe COM_ParseWarning
0    30ede SkipWhitespace
0    30f15 COM_Compress
0    31068 COM_ParseExt
0    311b4 COM_ParseString
0    311d5 COM_ParseInt
0    31202 COM_ParseFloat
0    3122f COM_ParseVec4
0    3125c COM_MatchToken
0    31285 SkipBracedSection
0    312c3 SkipRestOfLine
0    312fb Parse1DMatrix
0    3133a Parse2DMatrix
0    31375 Parse3DMatrix
0    313ba Q_isprint
0    313cf Q_islower
0    313e4 Q_isupper
0    313f9 Q_isalpha
0    3141a Q_strrchr
0    3144e Q_strncpyz
0    31489 Q_stricmpn
0    31514 Q_strncmp
0    31566 Q_stricmp
0    3158e Q_strlwr
0    315b4 Q_strupr
0    315da Q_strcat
0    31606 Q_PrintStrlen
0    3165e Q_CleanStr
0    316cc Com_sprintf
0    3170b va
0    31738 Info_ValueForKey
0    31818 Info_NextPair
0    318b6 Info_RemoveKey
0    31986 Info_RemoveKey_Big
0    31a56 Info_Validate
0    31a7d Info_SetValueForKey
0    31b4d Info_SetValueForKey_Big
0    31c15 Q_irand
0    31c2d UI_Alloc
0    31c67 UI_InitMemory
0    31c70 UI_OutOfMemory
0    31c76 hashForString
0    31cb6 String_Alloc
0    31d8f String_Report
0    31dd8 String_Init
0    31e1c PC_SourceWarning
0    31e4c PC_SourceError
0    31e7c LerpColor
0    31ed7 Float_Parse
0    31f03 PC_Float_Parse
0    31f58 Color_Parse
0    31f85 PC_Color_Parse
0    31fb2 Int_Parse
0    31fde PC_Int_Parse
0    32036 Rect_Parse
0    3207d PC_Rect_Parse
0    320c4 String_Parse
0    320f0 PC_String_Parse
0    32165 PC_Script_Parse
0    321e7 Init_Display
0    321ee GradientBar_Paint
0    32234 Window_Init
0    32270 Fade
0    322e1 Window_Paint
0    3262b Item_SetScreenCoords
0    326bf Item_UpdatePosition
0    32712 Menu_UpdatePosition
0    32769 Menu_PostParse
0    32795 Menu_ClearFocus
0    32818 IsVisible
0    3283b Rect_ContainsPoint
0    32880 Menu_ItemsMatchingGroup
0    328dc Menu_GetMatchingItemByNumber
0    32949 Script_SetColor
0    329e3 Script_SetAsset
0    329fc Script_SetBackground
0    32a1e Menu_FindItemByName
0    32a6d Script_SetTeamColor
0    32aa2 Script_SetItemColor
0    32b7b Script_SetItemRect
0    32bf9 Menu_ShowItemByName
0    32c6b Menu_FadeItemByName
0    32ce4 Menus_FindByName
0    32d15 Menus_ShowByName
0    32d2d Menus_OpenByName
0    32d36 Menu_RunCloseScript
0    32d65 Menus_CloseByName
0    32dc5 Menus_CloseAll
0    32dfb Script_Show
0    32e1b Script_Hide
0    32e3b Script_FadeIn
0    32e5b Script_FadeOut
0    32e7b Script_Open
0    32e93 Script_Close
0    32ebd Menu_TransitionItemByName
0    32fa8 Script_Defer
0    32fcf Script_RunDeferred
0    32fe9 Script_Transition
0    3304b Menu_OrbitItemByName
0    330b8 Script_Orbit
0    33126 Script_SetFocus
0    331b1 Script_SetPlayerModel
0    331cf Script_SetPlayerHead
0    331ed Script_SetCvar
0    33219 Script_SetCvarToCvar
0    33252 Script_Exec
0    33279 Script_Play
0    332a2 Script_playLooped
0    332ce Item_RunScript
0    3336b Item_EnableShowViaCvar
0    33444 Item_SetFocus
0    335b0 Item_TextScroll_MaxScroll
0    335df Item_TextScroll_ThumbPosition
0    33629 Item_TextScroll_ThumbDrawPosition
0    33692 Item_TextScroll_OverLB
0    3377a Item_TextScroll_MouseEnter
0    337ab Item_TextScroll_HandleKey
0    33941 Item_ListBox_MaxScroll
0    3399b Item_ListBox_ThumbPosition
0    33a22 Item_ListBox_ThumbDrawPosition
0    33ae7 Item_Slider_ThumbPosition
0    33b7f Item_Slider_OverSlider
0    33bb4 Item_ListBox_OverLB
0    33d7f Item_ListBox_MouseEnter
0    33eb4 Item_MouseEnter
0    33fd6 Item_MouseLeave
0    34022 Menu_HitTest
0    34060 Item_SetMouseOver
0    34089 Item_OwnerDraw_HandleKey
0    340c3 Item_ListBox_HandleKey
0    345e0 Item_YesNo_HandleKey
0    34666 Item_Multi_CountSettings
0    3467e Item_Multi_FindCvarByValue
0    34703 Item_Multi_Setting
0    34794 Item_Multi_HandleKey
0    3488c Item_TextField_HandleKey
0    34c10 Scroll_TextScroll_AutoFunc
0    34c6d Scroll_TextScroll_ThumbFunc
0    34d5c Scroll_ListBox_AutoFunc
0    34db9 Scroll_ListBox_ThumbFunc
0    34f40 Scroll_Slider_ThumbFunc
0    34fda Item_StartCapture
0    3514f Item_StopCapture
0    35152 Item_Slider_HandleKey
0    3524e Item_HandleKey
0    3535e Item_Action
0    35375 Menu_SetPrevCursorItem
0    3544b Menu_SetNextCursorItem
0    35518 Window_CloseCinematic
0    35540 Menu_CloseCinematics
0    35594 Display_CloseCinematics
0    355b1 Menus_Activate
0    35608 Display_VisibleMenuCount
0    35632 Menus_HandleOOBClick
0    356f5 Item_CorrectedTextRect
0    3571d Menu_HandleKey
0    35a41 ToWindowCoords
0    35a89 Rect_ToWindowCoords
0    35a9e Item_SetTextExtents
0    35c42 Item_TextColor
0    35d88 Item_Text_AutoWrapped_Paint
0    35f38 Item_Text_Wrapped_Paint
0    36045 Item_Text_Paint
0    36136 Item_TextField_Paint
0    362ac Item_YesNo_Paint
0    363e0 Item_Multi_Paint
0    364ce Controls_GetKeyAssignment
0    3652c Controls_GetConfig
0    3655e Controls_SetConfig
0    365b5 BindingIDFromName
0    365e2 BindingFromName
0    36673 Item_Slider_Paint
0    36776 Item_Bind_Paint
0    3694f Display_KeyBindPending
0    36955 Item_Bind_HandleKey
0    36b60 Item_Model_Paint
0    36c90 Item_Image_Paint
0    36cd7 Item_TextScroll_Paint
0    36e69 Item_ListBox_Paint
0    374a3 Item_OwnerDraw_Paint
0    37769 Item_Paint
0    37d53 Menu_Init
0    37d8a Menu_GetFocusedItem
0    37dc9 Menu_GetFocused
0    37e04 Menu_ScrollFeeder
0    37e57 Menu_SetFeederSelection
0    37eec Menus_AnyFullScreenVisible
0    37f20 Menus_ActivateByName
0    37faf Item_Init
0    37fc8 Menu_HandleMouseMove
0    38120 Menu_Paint
0    3827b Item_ValidateTypeData
0    3833f KeywordHash_Key
0    383a3 KeywordHash_Add
0    383c9 KeywordHash_Find
0    38404 ItemParse_name
0    3841d ItemParse_focusSound
0    38445 ItemParse_text
0    3845e ItemParse_descText
0    38477 ItemParse_text2
0    38490 ItemParse_text2alignx
0    384a9 ItemParse_text2aligny
0    384c2 ItemParse_group
0    384db ItemParse_asset_model
0    3851b ItemParse_asset_shader
0    38541 ItemParse_model_origin
0    38587 ItemParse_model_fovx
0    385ad ItemParse_model_fovy
0    385d3 ItemParse_model_rotation
0    385f9 ItemParse_model_angle
0    3861d ItemParse_rect
0    38636 ItemParse_flag
0    386a1 ItemParse_style
0    386bf ItemParse_decoration
0    386d2 ItemParse_notselectable
0    386f5 ItemParse_wrapped
0    38708 ItemParse_autowrapped
0    3871b ItemParse_horizontalscroll
0    3872e ItemParse_type
0    3874d ItemParse_elementwidth
0    38773 ItemParse_elementheight
0    38799 ItemParse_feeder
0    387b2 ItemParse_elementtype
0    387e3 ItemParse_columns
0    38886 ItemParse_border
0    3889f ItemParse_bordersize
0    388b8 ItemParse_visible
0    388e0 ItemParse_ownerdraw
0    388ff ItemParse_align
0    38918 ItemParse_textalign
0    38936 ItemParse_textalignx
0    3894f ItemParse_textaligny
0    38968 ItemParse_textscale
0    38981 ItemParse_textstyle
0    3899a ItemParse_backcolor
0    389c9 ItemParse_forecolor
0    38a06 ItemParse_bordercolor
0    38a35 ItemParse_outlinecolor
0    38a4e ItemParse_background
0    38a74 ItemParse_cinematic
0    38a8d ItemParse_doubleClick
0    38abe ItemParse_onFocus
0    38ad7 ItemParse_leaveFocus
0    38af0 ItemParse_mouseEnter
0    38b09 ItemParse_mouseExit
0    38b22 ItemParse_mouseEnterText
0    38b3b ItemParse_mouseExitText
0    38b54 ItemParse_action
0    38b6d ItemParse_special
0    38b86 ItemParse_cvarTest
0    38b9f ItemParse_cvar
0    38c00 ItemParse_font
0    38c1f ItemParse_maxChars
0    38c54 ItemParse_maxPaintChars
0    38c89 ItemParse_maxLineChars
0    38cbe ItemParse_lineHeight
0    38cf4 ItemParse_cvarFloat
0    38d53 ItemParse_cvarStrList
0    38e15 ItemParse_cvarFloatList
0    38ed3 ItemParse_addColorRange
0    38f35 ItemParse_ownerdrawFlag
0    38f5a ItemParse_enableCvar
0    38f79 ItemParse_disableCvar
0    38f98 ItemParse_showCvar
0    38fb7 ItemParse_hideCvar
0    38fd6 ItemParse_Appearance_slot
0    38fef Item_SetupKeywordHash
0    3901b Item_Parse
0    3909a Item_TextScroll_BuildLines
0    3923c Item_InitControls
0    39279 MenuParse_font
0    392bc MenuParse_name
0    392e9 MenuParse_fullscreen
0    39306 MenuParse_rect
0    39321 MenuParse_style
0    39343 MenuParse_visible
0    3936f MenuParse_onOpen
0    3938c MenuParse_onClose
0    393a9 MenuParse_onESC
0    393c6 MenuParse_border
0    393e3 MenuParse_borderSize
0    39400 MenuParse_backcolor
0    39433 MenuParse_descAlignment
0    39455 MenuParse_descX
0    39472 MenuParse_descY
0    3948f MenuParse_descScale
0    394ac MenuParse_descColor
0    394df MenuParse_forecolor
0    39520 MenuParse_bordercolor
0    39553 MenuParse_focuscolor
0    39586 MenuParse_disablecolor
0    395b9 MenuParse_outlinecolor
0    395d6 MenuParse_background
0    39600 MenuParse_cinematic
0    3961d MenuParse_ownerdrawFlag
0    39646 MenuParse_ownerdraw
0    39663 MenuParse_popup
0    3967a MenuParse_outOfBounds
0    39691 MenuParse_soundLoop
0    396ae MenuParse_fadeClamp
0    396cb MenuParse_fadeAmount
0    396e8 MenuParse_fadeCycle
0    39705 MenuParse_itemDef
0    3978a MenuParse_appearanceIncrement
0    397a7 Menu_SetupKeywordHash
0    397d3 Menu_Parse
0    39852 Menu_New
0    39886 Menu_Count
0    3988c Menu_PaintAll
0    39923 Menu_Reset
0    39929 Display_GetContext
0    3992f Display_CaptureItem
0    39964 Display_MouseMove
0    399dc Display_CursorType
0    39a28 Display_HandleKey
0    39a55 Window_CacheContents
0    39a8e Item_CacheContents
0    39a9b Menu_CacheContents
0    39ae7 Display_CacheAll
0    39b04 Menu_OverActiveItem
0    39bb7 CG_InitTeamChat
0    39bd5 CG_SetPrintString
0    39bf5 CG_CheckOrderPending
0    39cd6 CG_SetSelectedPlayerName
0    39d23 CG_GetSelectedPlayer
0    39d35 CG_SelectNextPlayer
0    39d57 CG_SelectPrevPlayer
0    39d7a CG_StatusHandle
0    39dc6 CG_GetValue
0    39eac CG_OtherTeamHasFlag
0    39ee1 CG_YourTeamHasFlag
0    39f16 CG_OwnerDrawVisible
0    3a033 CG_GetKillerText
0    3a055 CG_GetGameStatusText
0    3a0cd CG_GameTypeString
0    3a10a CG_Text_Paint_Limit
0    3a202 CG_DrawNewTeamInfo
0    3a46d CG_DrawTeamSpectators
0    3a5b8 CG_DrawMedal
0    3a700 CG_OwnerDraw
0    3a703 CG_MouseEvent
0    3a795 CG_HideTeamMenu
0    3a7a2 CG_ShowTeamMenu
0    3a7aa CG_EventHandling
0    3a7c4 CG_KeyEvent
0    3a81d CG_ClientNumFromName
0    3a854 CG_ShowResponseHead
0    3a867 CG_RunMenuScript
0    3a86a CG_DeferMenuScript
0    3a86f CG_GetTeamColor
1        4 colorTable
1      434 HolocronIcons
1      47c forceModelModificationCount
1      4e4 cvarTable
1      c74 cvarTableSize
1      d1c forceTicPos
1      e6c ammoTicPos
1      fbc gotime
1      fc0 curCam
1      fc4 numRows
1      fc8 numCols
1      fcc showCam
1      fd0 ghostFile
1      fd4 ghostMode
1      ff0 commands
1     1200 menuScoreboard
1     1204 bluehudtint
1     1214 redhudtint
1     1224 showPowersName
1     12b0 g_saberFlashTime
1     12b4 g_saberFlashPos
1     12d4 cgRageTime
1     12d8 cgRageFadeTime
1     12dc cgRageFadeVal
1     12e0 cgRageRecTime
1     12e4 cgRageRecFadeTime
1     12e8 cgRageRecFadeVal
1     12ec cgAbsorbTime
1     12f0 cgAbsorbFadeTime
1     12f4 cgAbsorbFadeVal
1     12f8 cgProtectTime
1     12fc cgProtectFadeTime
1     1300 cgProtectFadeVal
1     1304 cgYsalTime
1     1308 cgYsalFadeTime
1     130c cgYsalFadeVal
1     1310 gCGHasFallVector
1     1334 forceHolocronModels
1     1864 shaderAnimNames
1     18e4 shaderAnimCounts
1     1964 shaderAnimSTRatio
1     19e4 cl_numparticles
1     19e8 initparticles
1     19ec roll
1     19f0 cg_customSoundNames
1     1a7c cgQueueLoad
1     1bec cgFPLSState
1     1bf0 cgAnnouncerTime
1     1c3c numValidOrders
1     1c40 cameramins
1     1c4c cameramaxs
1     1c58 cameraCurTarget
1     1c64 cameraCurLoc
1     1c70 cameraOldLoc
1     1c7c cameraNewLoc
1     1c88 cameraLastFrame
1     1c8c cameraLastYaw
1     1c90 cameraStiffFactor
1     1cfc cgWeapFrame
1     1d00 cgWeapFrameTime
1     1df8 WHITE
1     1e10 WP_MuzzlePoint
1     1ed0 weaponData
1     2250 ammoData
1     2278 animTable
1     4ccc BGPAFtextLoaded
1     4cd0 gPMDoSlowFall
1     4cd4 pm_stopspeed
1     4cd8 pm_duckScale
1     4cdc pm_swimScale
1     4ce0 pm_wadeScale
1     4ce4 pm_accelerate
1     4ce8 pm_airaccelerate
1     4cec pm_wateraccelerate
1     4cf0 pm_flyaccelerate
1     4cf4 pm_friction
1     4cf8 pm_waterfriction
1     4cfc pm_flightfriction
1     4d00 pm_spectatorfriction
1     4d04 c_pmove
1     4d08 forceSpeedLevels
1     4d18 forcePowerNeeded
1     4e38 forceJumpHeight
1     4e48 forceJumpStrength
1     4eec randSeed
1     4f60 forceMasteryLevels
1     4f80 forceMasteryPoints
1     4fa0 bgForcePowerCost
1     50c0 forcePowerSorted
1     5108 forcePowerDarkLight
1     5150 WeaponReadyAnim
1     5190 WeaponAttackAnim
1     51d0 bg_itemlist
1     5a8c bg_numItems
1     5ae4 eventnames
1     5c9c bg_poolSize
1     5ca0 bg_poolTail
1     5ca4 saberMoveData
1     6f14 transitionMove
1     7198 saberMoveTransitionAngle
1     732c vec3_origin
1     7338 axisDefault
1     735c colorBlack
1     736c colorRed
1     737c colorGreen
1     738c colorBlue
1     739c colorYellow
1     73ac colorMagenta
1     73bc colorCyan
1     73cc colorWhite
1     73dc colorLtGrey
1     73ec colorMdGrey
1     73fc colorDkGrey
1     740c colorLtBlue
1     741c colorDkBlue
1     742c g_color_table
1     74ac bytedirs
1     1bf4 validOrders
1     7c64 holdrand
1     7c70 captureFunc
1     7c74 captureData
1     7c78 itemCapture
1     7c7c DC
1     7c80 g_waitingForKey
1     7c84 g_editingField
1     7c88 g_bindItem
1     7c8c g_editItem
1     7c90 menuCount
1     7c94 openMenuCount
1     7c98 debugMode
1     7c9c lastListBoxClickTime
1     7ca0 itemFlags
1     7cb0 styles
1     7ccc alignment
1     7cdc types
1     7d1c strPoolIndex
1     7d20 strHandleCount
1     7d2c FPMessageTime
1     7d30 ui_deferredScriptItem
1     7d34 commandList
1     7df4 scriptCommandCount
1     7ea8 g_bindings
1     8778 itemParseKeywords
1     8ad8 menuParseKeywords
1     8c8c drawTeamOverlayModificationCount
1     8700 g_bindCount
2   78feb0 _stackStart
2   79feb0 _stackEnd
3     8400 cg_pmove_msec
3     8510 cg_debugSaber
3     8620 cgDC
3     b448 pug_demos_cameraMode
3     b558 ui_fragsOnly
3     b668 cam_autorecord
3     b778 pug_demospec
3     b888 cg_debugBB
3     b998 ui_myteam
3     baa8 cg_recordSPDemoName
3     bbb8 cg_recordSPDemo
3     bcc8 cg_singlePlayerActive
3     bdd8 cg_enableBreath
3     bee8 cg_enableDust
3     bff8 cg_singlePlayer
3     c108 cg_currentSelectedPlayerName
3     c218 cg_currentSelectedPlayer
3     c328 cg_blueTeamName
3     c438 cg_redTeamName
3     c548 cg_trueLightning
3     c658 cg_noProjectileTrail
3     c768 cg_noTaunt
3     c878 cg_bigFont
3     c988 cg_smallFont
3     ca98 cg_cameraMode
3     cba8 cg_timescale
3     ccb8 cg_timescaleFadeSpeed
3     cdc8 cg_timescaleFadeEnd
3     ced8 cg_cameraOrbitDelay
3     cfe8 cg_cameraOrbit
3     d0f8 pmove_msec
3     d208 pmove_fixed
3     d318 cg_smoothClients
3     d428 cg_hudFiles
3     d538 cg_scorePlum
3     d648 cg_noVoiceText
3     d758 cg_noVoiceChats
3     d868 cg_teamChatsOnly
3     d978 cg_drawFriend
3     da88 cg_deferPlayers
3     db98 cg_predictItems
3     dca8 cg_blood
3     ddb8 cg_paused
3     dec8 cg_buildScript
3     dfd8 cg_forceModel
3     e0e8 cg_stats
3     e1f8 cg_teamChatHeight
3     e308 cg_teamChatTime
3     e418 cg_synchronousClients
3     e528 cg_drawEnemyInfo
3     e638 cg_lagometer
3     e748 cg_stereoSeparation
3     e858 cg_thirdPersonHorzOffset
3     e968 cg_thirdPersonAlpha
3     ea78 cg_thirdPersonTargetDamp
3     eb88 cg_thirdPersonCameraDamp
3     ec98 cg_thirdPersonVertOffset
3     eda8 cg_thirdPersonPitchOffset
3     eeb8 cg_thirdPersonAngle
3     efc8 cg_thirdPersonRange
3     f0d8 cg_thirdPerson
3     f1e8 cg_dismember
3     f2f8 cg_animBlend
3     f408 cg_auraShell
3     f518 cg_speedTrail
3     f628 cg_duelHeadAngles
3     f738 cg_saberTrail
3     f848 cg_saberContact
3     f958 cg_saberDynamicMarkTime
3     fa68 cg_saberDynamicMarks
3     fb78 cg_fpls
3     fc88 cg_saberModelTraceEffect
3     fd98 cg_oldPainSounds
3     fea8 cg_swingAngles
3     ffb8 cg_zoomFov
3    100c8 cg_fov
3    101d8 cg_simpleItems
3    102e8 cg_ignore
3    103f8 cg_autoswitch
3    10508 cg_tracerLength
3    10618 cg_tracerWidth
3    10728 cg_tracerChance
3    10838 cg_viewsize
3    10948 cg_drawGun
3    10a58 cg_gun_z
3    10b68 cg_gun_y
3    10c78 cg_gun_x
3    10d88 cg_gun_frame
3    10e98 cg_addMarks
3    10fa8 cg_footsteps
3    110b8 cg_showmiss
3    111c8 cg_noPlayerAnims
3    112d8 cg_nopredict
3    113e8 cg_errorDecay
3    114f8 cg_debugEvents
3    11608 cg_debugPosition
3    11718 cg_debugAnim
3    11828 cg_animSpeed
3    11938 cg_draw2D
3    11a48 cg_drawStatus
3    11b58 cg_crosshairHealth
3    11c68 cg_crosshairSize
3    11d78 cg_crosshairY
3    11e88 cg_crosshairX
3    11f98 cg_teamOverlayUserinfo
3    120a8 cg_drawTeamOverlay
3    121b8 cg_drawRewards
3    122c8 cg_dynamicCrosshair
3    123d8 cg_drawScores
3    124e8 cg_drawCrosshairNames
3    125f8 cg_drawCrosshair
3    12708 cg_drawAmmoWarning
3    12818 cg_drawIcons
3    12928 cg_draw3dIcons
3    12a38 cg_drawSnapshot
3    12b48 cg_drawFPS
3    12c58 cg_drawTimer
3    12d68 cg_shadows
3    12e78 cg_bobroll
3    12f88 cg_bobpitch
3    13098 cg_bobup
3    131a8 cg_runroll
3    132b8 cg_runpitch
3    133c8 cg_centertime
3    134d8 cg_items
3    16cd8 cg_weapons
3    179d8 cg_entities
3   1f79d8 cg
3   221304 cgs
3   232b38 theMatrix
3   259f58 cam
3   25b870 gCGFallVector
3   25b87c lagometer
3   25be84 lastvalidlockdif
3   25be88 hudTintColor
3   25be8c teamChat2
3   25bf8c teamChat1
3   25c08c systemChat
3   25c18c numSortedTeamPlayers
3   25c190 sortedTeamPlayers
3   25c22c dbModels_Rocks
3   25c23c dbModels_Chunks
3   25c248 dbModels_Wood
3   25c268 dbModels_Glass
3   25c288 offZ
3   25c8c8 offX
3   25cf48 lastofs
3   25cf4c cl_lightstyle
3   26114c cg_freeLocalEntities
3   261150 cg_activeLocalEntities
3   26131c cg_localEntities
3   29ab1c oldtime
3   29ab20 rup
3   29ab2c rright
3   29ab38 rforward
3   29ab44 pvup
3   29ab50 pvright
3   29ab5c pvforward
3   29ab68 particles
3   2b9b68 free_particles
3   2b9b6c active_particles
3   2b9b70 numShaderAnims
3   2b9b74 shaderAnims
3   2bbb74 markTotal
3   2bbb78 cg_freeMarkPolys
3   2bbb7c cg_activeMarkPolys
3   2bbc9c cg_markPolys
3   2cdc9c cgBoneAnglePostSet
3   2cdcd4 cgSendPS
3   2d8954 cg_triggerEntities
3   2d8d54 cg_numTriggerEntities
3   2d8d58 cg_solidEntities
3   2d9158 cg_numSolidEntities
3   2d915c cg_pmove
3   2d92d8 cg_saga_valid
3   2d92dc cg_saga_info
3   2db2dc localClient
3   2db2e0 voiceChatBuffer
3   2dd9e0 voiceChatLists
3   506450 snap
3   5191ec zoomFov
3   5191f0 cameraIdealLoc
3   5191fc cameraIdealTarget
3   519208 cameraFocusLoc
3   519214 cameraFocusAngles
3   519220 cameraup
3   51922c camerafwd
3   519238 cgScreenEffects
3   519258 g2WeaponInstances
3   519298 BGPAFtext
3   522ed8 bgGlobalAnimations
3   52b34c pml
3   52b7d8 pm
3   52b7dc bg_pool
3   7351f4 com_lines
3   7351f8 com_parsename
3   7355f8 com_token
3   737a08 menuParseKeywordHash
3   738208 itemParseKeywordHash
3   738a08 g_nameBind2
3   738a28 g_nameBind1
3   738a48 ui_deferredScript
3   739248 strHandle
3   73b248 strPool
3   75b248 outOfMemory
3   75b24c allocPoint
3   75b250 memoryPool
3   77b250 menuStack
3   77b290 Menus
3   78fe90 scrollInfo
